                        ; --------------------------------------
                        ; zasm: assemble "Hook_Em_demo.asm"
                        ; date: 2026-03-02 09:07:31
                        ; --------------------------------------


0000:                       ORG 0000h
                        ; =====================================================
                        ; POWER-UP DELAY (~20ms)
                        ; =====================================================
0000: 06C8     [ 7]         LD B,200
0002:                   PWR0:
0002: 0EFF     [ 7]         LD C,255
0004:                   PWR1:
0004: 0D       [ 4]         DEC C
0005: 20FD     [11|16]      JR NZ,PWR1
0007: 10F9     [19|24]      DJNZ PWR0
                        
                        ; =====================================================
                        ; FORCE LCD INTO 8-BIT MODE (RESET SEQUENCE)
                        ; =====================================================
0009: 3E30     [26]         LD A,030h
000B: D300     [37]         OUT (0),A
000D: 06FF     [44]         LD B,255
000F:                   RST0: 
000F: 10FE     [ 8|13]      DJNZ RST0
0011: 3E30     [15]         LD A,030h
0013: D300     [26]         OUT (0),A
0015: 0664     [33]         LD B,100
0017:                   RST1: 
0017: 10FE     [ 8|13]      DJNZ RST1
0019: 3E30     [15]         LD A,030h
001B: D300     [26]         OUT (0),A
001D: 0664     [33]         LD B,100
001F:                   RST2: 
001F: 10FE     [ 8|13]      DJNZ RST2
                        
                        ; =====================================================
                        ; SWITCH TO 4-BIT MODE
                        ; =====================================================
0021: 3E20     [15]         LD A,020h
0023: D300     [26]         OUT (0),A
0025: 0664     [33]         LD B,100
0027:                   RST3: 
0027: 10FE     [ 8|13]      DJNZ RST3
                        
                        ; =====================================================
                        ; FUNCTION SET (0x28)
                        ; =====================================================
0029: 3E28     [15]         LD A,028h
002B: D300     [26]         OUT (0),A
002D: 0632     [33]         LD B,50
002F:                   F1: 
002F: 10FE     [ 8|13]      DJNZ F1
0031: 3E28     [15]         LD A,028h
0033: 07       [19]         RLCA
                        
0034: 07       [23]         RLCA
0035: 07       [27]         RLCA
0036: 07       [31]         RLCA
0037: D300     [42]         OUT (0),A
0039: 0632     [49]         LD B,50
003B:                   F2: 
003B: 10FE     [ 8|13]      DJNZ F2
                        
                        ; =====================================================
                        ; DISPLAY ON, CURSOR ON (0x0F)
                        ; =====================================================
003D: 3E0F     [15]         LD A,00Fh
003F: D300     [26]         OUT (0),A
0041: 0632     [33]         LD B,50
0043:                   D1: 
0043: 10FE     [ 8|13]      DJNZ D1
0045: 3E0F     [15]         LD A,00Fh
0047: 07       [19]         RLCA
0048: 07       [23]         RLCA
0049: 07       [27]         RLCA
004A: 07       [31]         RLCA
004B: D300     [42]         OUT (0),A
004D: 0632     [49]         LD B,50
004F:                   D2: 
004F: 10FE     [ 8|13]      DJNZ D2
                        
                        ; =====================================================
                        ; CLEAR DISPLAY (0x01)
                        ; =====================================================
0051: 3E01     [15]         LD A,001h
0053: D300     [26]         OUT (0),A
0055: 0632     [33]         LD B,50
0057:                   C1: 
0057: 10FE     [ 8|13]      DJNZ C1
0059: 3E01     [15]         LD A,001h
005B: 07       [19]         RLCA
005C: 07       [23]         RLCA
005D: 07       [27]         RLCA
005E: 07       [31]         RLCA
005F: D300     [42]         OUT (0),A
0061: 06FF     [49]         LD B,255
0063:                   CL0:
0063: 0EFF     [ 7]         LD C,255
0065:                   CL1:
0065: 0D       [ 4]         DEC C
0066: 20FD     [11|16]      JR NZ,CL1
0068: 10F9     [19|24]      DJNZ CL0
                        
                        ; =====================================================
                        ; SEND "HELLO"
                        ; RS=1 → use port 1
                        ; =====================================================
                        
                        ; ----- H (0x48 = 0100 1000)
006A: 3E48     [26]         LD A,'H'
006C: D301     [37]         OUT (1),A ; Send 0100
006E: 0632     [44]         LD B,50
0070:                   H1: 
0070: 10FE     [ 8|13]      DJNZ H1
0072: 3E48     [15]         LD A,'H'
0074: 07       [19]         RLCA
0075: 07       [23]         RLCA
0076: 07       [27]         RLCA
0077: 07       [31]         RLCA ; Send 1000
0078: D301     [42]         OUT (1),A
007A: 0632     [49]         LD B,50
007C:                   H2: 
007C: 10FE     [ 8|13]      DJNZ H2
                        
                        ; ----- E (0x45 = 0100 0101)
007E: 3E45     [15]         LD A,'E'
0080: D301     [26]         OUT (1),A ; Send 0100
0082: 0632     [33]         LD B,50
0084:                   E1: 
0084: 10FE     [ 8|13]      DJNZ E1
0086: 3E45     [15]         LD A,'E'
0088: 07       [19]         RLCA
0089: 07       [23]         RLCA
008A: 07       [27]         RLCA
008B: 07       [31]         RLCA ; Send 0101
008C: D301     [42]         OUT (1),A
008E: 0632     [49]         LD B,50
0090:                   E2: 
0090: 10FE     [ 8|13]      DJNZ E2
                        
                        ; ----- L (0x4C = 0100 1100)
0092: 3E4C     [15]         LD A,'L'
0094: D301     [26]         OUT (1),A
0096: 0632     [33]         LD B,50
0098:                   L1: 
0098: 10FE     [ 8|13]      DJNZ L1
009A: 3E4C     [15]         LD A,'L'
009C: 07       [19]         RLCA
009D: 07       [23]         RLCA
009E: 07       [27]         RLCA
009F: 07       [31]         RLCA
00A0: D301     [42]         OUT (1),A
00A2: 0632     [49]         LD B,50
00A4:                   L2: 
00A4: 10FE     [ 8|13]      DJNZ L2
                        
                        ; ----- L again
00A6: 3E4C     [15]         LD A,'L'
00A8: D301     [26]         OUT (1),A
00AA: 0632     [33]         LD B,50
00AC:                   L3: 
00AC: 10FE     [ 8|13]      DJNZ L3
                        
00AE: 3E4C     [15]         LD A,'L'
00B0: 07       [19]         RLCA
00B1: 07       [23]         RLCA
00B2: 07       [27]         RLCA
00B3: 07       [31]         RLCA
00B4: D301     [42]         OUT (1),A
00B6: 0632     [49]         LD B,50
00B8:                   L4: 
00B8: 10FE     [ 8|13]      DJNZ L4
                        
                        ; ----- O (0x4F = 0100 1111)
00BA: 3E4F     [15]         LD A,'O'
00BC: D301     [26]         OUT (1),A
00BE: 0632     [33]         LD B,50
00C0:                   O1: 
00C0: 10FE     [ 8|13]      DJNZ O1
00C2: 3E4F     [15]         LD A,'O'
00C4: 07       [19]         RLCA
00C5: 07       [23]         RLCA
00C6: 07       [27]         RLCA
00C7: 07       [31]         RLCA
00C8: D301     [42]         OUT (1),A
00CA: 0632     [49]         LD B,50
00CC:                   O2: 
00CC: 10FE     [ 8|13]      DJNZ O2
                        
                        ; =====================================================
                        ; MOVE CURSOR TO LINE 2 (0xC0)
                        ; =====================================================
00CE: 3EC0     [15]         LD A,0C0h
00D0: D300     [26]         OUT (0),A
00D2: 0632     [33]         LD B,50
00D4:                   L2A: 
00D4: 10FE     [ 8|13]      DJNZ L2A
00D6: 3EC0     [15]         LD A,0C0h
00D8: 07       [19]         RLCA
00D9: 07       [23]         RLCA
00DA: 07       [27]         RLCA
00DB: 07       [31]         RLCA
00DC: D300     [42]         OUT (0),A
00DE: 0632     [49]         LD B,50
00E0:                   L2B: 
00E0: 10FE     [ 8|13]      DJNZ L2B
                        
                        ; =====================================================
                        ; PRINT "Hook 'em!"
                        ; =====================================================
                        ; H
00E2: 3E48     [15]         LD A,'H'
00E4: D301     [26]         OUT (1),A
00E6: 0632     [33]         LD B,50
00E8:                   HH1: 
00E8: 10FE     [ 8|13]      DJNZ HH1
00EA: 3E48     [15]         LD A,'H'
                        
00EC: 07       [19]         RLCA
00ED: 07       [23]         RLCA
00EE: 07       [27]         RLCA
00EF: 07       [31]         RLCA
00F0: D301     [42]         OUT (1),A
00F2: 0632     [49]         LD B,50
00F4:                   HH2: 
00F4: 10FE     [ 8|13]      DJNZ HH2
                        ; o
00F6: 3E6F     [15]         LD A,'o'
00F8: D301     [26]         OUT (1),A
00FA: 0632     [33]         LD B,50
00FC:                   OO1: 
00FC: 10FE     [ 8|13]      DJNZ OO1
00FE: 3E6F     [15]         LD A,'o'
0100: 07       [19]         RLCA
0101: 07       [23]         RLCA
0102: 07       [27]         RLCA
0103: 07       [31]         RLCA
0104: D301     [42]         OUT (1),A
0106: 0632     [49]         LD B,50
0108:                   OO2: 
0108: 10FE     [ 8|13]      DJNZ OO2
                        ; o
010A: 3E6F     [15]         LD A,'o'
010C: D301     [26]         OUT (1),A
010E: 0632     [33]         LD B,50
0110:                   OO3: 
0110: 10FE     [ 8|13]      DJNZ OO3
0112: 3E6F     [15]         LD A,'o'
0114: 07       [19]         RLCA
0115: 07       [23]         RLCA
0116: 07       [27]         RLCA
0117: 07       [31]         RLCA
0118: D301     [42]         OUT (1),A
011A: 0632     [49]         LD B,50
011C:                   OO4: 
011C: 10FE     [ 8|13]      DJNZ OO4
                        ; k
011E: 3E6B     [15]         LD A,'k'
0120: D301     [26]         OUT (1),A
0122: 0632     [33]         LD B,50
0124:                   KK1: 
0124: 10FE     [ 8|13]      DJNZ KK1
0126: 3E6B     [15]         LD A,'k'
0128: 07       [19]         RLCA
0129: 07       [23]         RLCA
012A: 07       [27]         RLCA
012B: 07       [31]         RLCA
012C: D301     [42]         OUT (1),A
012E: 0632     [49]         LD B,50
0130:                   KK2: 
0130: 10FE     [ 8|13]      DJNZ KK2
                        ; space
0132: 3E20     [15]         LD A,' '
0134: D301     [26]         OUT (1),A
0136: 0632     [33]         LD B,50
0138:                   SP1: 
0138: 10FE     [ 8|13]      DJNZ SP1
013A: 3E20     [15]         LD A,' '
013C: 07       [19]         RLCA
                        
013D: 07       [23]         RLCA
013E: 07       [27]         RLCA
013F: 07       [31]         RLCA
0140: D301     [42]         OUT (1),A
0142: 0632     [49]         LD B,50
0144:                   SP2: 
0144: 10FE     [ 8|13]      DJNZ SP2
                        ; '
0146: 3E27     [15]         LD A,027h
0148: D301     [26]         OUT (1),A
014A: 0632     [33]         LD B,50
014C:                   AP1: 
014C: 10FE     [ 8|13]      DJNZ AP1
014E: 3E27     [15]         LD A,027h
0150: 07       [19]         RLCA
0151: 07       [23]         RLCA
0152: 07       [27]         RLCA
0153: 07       [31]         RLCA
0154: D301     [42]         OUT (1),A
0156: 0632     [49]         LD B,50
0158:                   AP2: 
0158: 10FE     [ 8|13]      DJNZ AP2
                        ; e
015A: 3E65     [15]         LD A,'e'
015C: D301     [26]         OUT (1),A
015E: 0632     [33]         LD B,50
0160:                   EE1: 
0160: 10FE     [ 8|13]      DJNZ EE1
0162: 3E65     [15]         LD A,'e'
0164: 07       [19]         RLCA
0165: 07       [23]         RLCA
0166: 07       [27]         RLCA
0167: 07       [31]         RLCA
0168: D301     [42]         OUT (1),A
016A: 0632     [49]         LD B,50
016C:                   EE2: 
016C: 10FE     [ 8|13]      DJNZ EE2
                        ; m
016E: 3E6D     [15]         LD A,'m'
0170: D301     [26]         OUT (1),A
0172: 0632     [33]         LD B,50
0174:                   MM1: 
0174: 10FE     [ 8|13]      DJNZ MM1
0176: 3E6D     [15]         LD A,'m'
0178: 07       [19]         RLCA
0179: 07       [23]         RLCA
017A: 07       [27]         RLCA
017B: 07       [31]         RLCA
017C: D301     [42]         OUT (1),A
017E: 0632     [49]         LD B,50
0180:                   MM2: 
0180: 10FE     [ 8|13]      DJNZ MM2
                        ; !
0182: 3E21     [15]         LD A,'!'
0184: D301     [26]         OUT (1),A
0186: 0632     [33]         LD B,50
0188:                   EX1: 
0188: 10FE     [ 8|13]      DJNZ EX1
018A: 3E21     [15]         LD A,'!'
018C: 07       [19]         RLCA
018D: 07       [23]         RLCA
                        
018E: 07       [27]         RLCA
018F: 07       [31]         RLCA
0190: D301     [42]         OUT (1),A
0192: 0632     [49]         LD B,50
0194:                   EX2: 
0194: 10FE     [ 8|13]      DJNZ EX2
                        
                        ; =====================================================
                        ; HALT
                        ; =====================================================
0196:                   END:
0196: 76       [ 4]         HALT


; +++ segments +++

#CODE          = $0000 =     0,  size = $0197 =   407

; +++ global symbols +++

AP1     = $014C =   332          Hook_Em_demo.asm:288
AP2     = $0158 =   344          Hook_Em_demo.asm:297
C1      = $0057 =    87          Hook_Em_demo.asm:84
CL0     = $0063 =    99          Hook_Em_demo.asm:93
CL1     = $0065 =   101          Hook_Em_demo.asm:95
D1      = $0043 =    67          Hook_Em_demo.asm:66
D2      = $004F =    79          Hook_Em_demo.asm:75
E1      = $0084 =   132          Hook_Em_demo.asm:125
E2      = $0090 =   144          Hook_Em_demo.asm:134
EE1     = $0160 =   352          Hook_Em_demo.asm:303
EE2     = $016C =   364          Hook_Em_demo.asm:312
END     = $0196 =   406          Hook_Em_demo.asm:349 (unused)
EX1     = $0188 =   392          Hook_Em_demo.asm:333
EX2     = $0194 =   404          Hook_Em_demo.asm:343
F1      = $002F =    47          Hook_Em_demo.asm:47
F2      = $003B =    59          Hook_Em_demo.asm:57
H1      = $0070 =   112          Hook_Em_demo.asm:109
H2      = $007C =   124          Hook_Em_demo.asm:118
HH1     = $00E8 =   232          Hook_Em_demo.asm:211
HH2     = $00F4 =   244          Hook_Em_demo.asm:221
KK1     = $0124 =   292          Hook_Em_demo.asm:257
KK2     = $0130 =   304          Hook_Em_demo.asm:266
L1      = $0098 =   152          Hook_Em_demo.asm:141
L2      = $00A4 =   164          Hook_Em_demo.asm:150
L2A     = $00D4 =   212          Hook_Em_demo.asm:192
L2B     = $00E0 =   224          Hook_Em_demo.asm:201
L3      = $00AC =   172          Hook_Em_demo.asm:157
L4      = $00B8 =   184          Hook_Em_demo.asm:167
MM1     = $0174 =   372          Hook_Em_demo.asm:318
MM2     = $0180 =   384          Hook_Em_demo.asm:327
O1      = $00C0 =   192          Hook_Em_demo.asm:174
O2      = $00CC =   204          Hook_Em_demo.asm:183
OO1     = $00FC =   252          Hook_Em_demo.asm:227
OO2     = $0108 =   264          Hook_Em_demo.asm:236
OO3     = $0110 =   272          Hook_Em_demo.asm:242
OO4     = $011C =   284          Hook_Em_demo.asm:251
PWR0    = $0002 =     2          Hook_Em_demo.asm:6
PWR1    = $0004 =     4          Hook_Em_demo.asm:8
RST0    = $000F =    15          Hook_Em_demo.asm:19
RST1    = $0017 =    23          Hook_Em_demo.asm:24
RST2    = $001F =    31          Hook_Em_demo.asm:29
RST3    = $0027 =    39          Hook_Em_demo.asm:38
SP1     = $0138 =   312          Hook_Em_demo.asm:272
SP2     = $0144 =   324          Hook_Em_demo.asm:282
_end    = $0197 =   407          Hook_Em_demo.asm:1 (unused)
_size   = $0197 =   407          Hook_Em_demo.asm:1 (unused)


total time: 0.0081 sec.
no errors
